# file opened: terminal.asm
  1   0000              ;Terminal - приложение для OS GMX
  2   0000                 device ZXSPECTRUM128
  3   0000              	include "../os_defs.asm"
# file opened: ../os_defs.asm
  1+  0000              ;Список всех вызовов (функций) ОС GMX
  2+  0000
  3+  0000              ;Включить в свой код (в начале файла):
  4+  0000              	; include os_defs.asm
  5+  0000
  6+  0000              ;Использовать только имена функций, коды могут поменяться
  7+  0000
  8+  0000              ;например:
  9+  0000              	; org PROG_START
 10+  0000              	; ../include os_defs.asm
 11+  0000              	; ld hl,text
 12+  0000              	; OS_PRINTZ ;печать	до кода 0
 13+  0000
 14+  0000              ;сохранность регистров не гарантируется
 15+  0000              ;на выходе обычно (но не всегда) CY=1 = ошибка
 16+  0000
 17+  0000              PROG_START equ #8000 ;адрес старта приложений
 18+  0000
 19+  0000
 20+  0000              ;короткие вызовы (именные RST) -------------------------
 21+  0000
 22+  0000              ;печать символа в консоль (ускоренная)
 23+  0000              	MACRO OS_PRINT_CHARF ;a=char
 24+  0000 ~            	rst #10
 25+  0000              	ENDM
 26+  0000
 27+  0000
 28+  0000              ;передача управления ОС до следующего прерывания (когда придёт очередь процесса в следующий раз);
 29+  0000              ;все регистры сохраняются
 30+  0000              ;рекомендуется использовать вместо обычного halt
 31+  0000              	MACRO OS_WAIT
 32+  0000 ~            	rst #18
 33+  0000              	ENDM
 34+  0000
 35+  0000              	; MACRO OS_
 36+  0000              	; rst #28
 37+  0000              	; ENDM
 38+  0000
 39+  0000              	; MACRO OS_
 40+  0000              	; rst #30
 41+  0000              	; ENDM
 42+  0000
 43+  0000
 44+  0000
 45+  0000              ;вызовы через единую точку входа RST #20 ----------------
 46+  0000
 47+  0000              ;вывод в консоль --------------------
 48+  0000
 49+  0000              ;очистить консоль
 50+  0000              	macro OS_CLS ;clear visible area of terminal
 51+  0000 ~                ld c,#00
 52+  0000 ~                rst #20
 53+  0000                  endm
 54+  0000
 55+  0000              ;установить позицию курсора в консоли
 56+  0000                  macro OS_SET_XY ;de=yx ;SET CURSOR POSITION
 57+  0000 ~                ld c,#01
 58+  0000 ~                rst #20
 59+  0000                  endm
 60+  0000
 61+  0000              ;печать символа в консоль
 62+  0000                  macro OS_PRINT_CHAR ;a=char
 63+  0000 ~                ld c,#02
 64+  0000 ~                rst #20
 65+  0000                  endm
 66+  0000
 67+  0000              ;заполнение строки одним символом
 68+  0000                  macro OS_FILL_LINE ;; H - line ; A - char
 69+  0000 ~                ld c,#03
 70+  0000 ~                rst #20
 71+  0000                  endm
 72+  0000
 73+  0000              ;покрасить строку цветом
 74+  0000                  macro OS_PAINT_LINE ;a - line, b - color
 75+  0000 ~                ld c,#04
 76+  0000 ~                rst #20
 77+  0000                  endm
 78+  0000
 79+  0000
 80+  0000                  ; macro OS_ ;
 81+  0000                  ; ld c,#05
 82+  0000                  ; rst #20
 83+  0000                  ; endm
 84+  0000
 85+  0000              ;установить цвет текста в консоли;
 86+  0000                  macro OS_SET_COLOR ;a = color, b = color 2 (highlight)
 87+  0000 ~                ld c,#06
 88+  0000 ~                rst #20
 89+  0000                  endm
 90+  0000
 91+  0000                  ; macro OS_ ;
 92+  0000                  ; ld c,#07
 93+  0000                  ; rst #20
 94+  0000                  ; endm
 95+  0000
 96+  0000
 97+  0000              ;включить/выключить моно режим для приложения
 98+  0000              ;при включенном режиме разрешена запись в диапазон памяти #4000-#7fff + страницы приложения
 99+  0000              ;вх: a = 0 - включить; a = 255 - выключить
100+  0000                  macro OS_SET_MONO_MODE ;
101+  0000 ~                ld c,#08
102+  0000 ~                rst #20
103+  0000                  endm
104+  0000
105+  0000
106+  0000
107+  0000              ;печать в консоль до кода 0
108+  0000                  macro OS_PRINTZ ;hl=text ;PRINT to 0
109+  0000 ~                ld c,#09
110+  0000 ~                rst #20
111+  0000                  endm
112+  0000
113+  0000
114+  0000              ;прочитать байт из порта uart
115+  0000              ;вх:
116+  0000              ;вых: CY=0 - OK; CY=1 - занято другим процессом или нет uart или нет данных для приёма
117+  0000              ;вых: A - считанный байт
118+  0000                  macro OS_UART_READ
119+  0000 ~                ld c,#0a
120+  0000 ~                rst #20
121+  0000                  endm
122+  0000
123+  0000              ;записать байт в порт uart
124+  0000              ;вх: A -байт
125+  0000              ;вых: CY=0 - OK; CY=1 - занято другим процессом или нет uart
126+  0000                  macro OS_UART_WRITE
127+  0000 ~                ld c,#0b
128+  0000 ~                rst #20
129+  0000                  endm
130+  0000
131+  0000              ;закрыть соединение ESP
132+  0000              ;вх:
133+  0000              ;вых: CY=0 - OK; CY=1 - занято другим процессом или нет uart
134+  0000                  macro OS_ESP_CLOSE
135+  0000 ~                ld c,#0c
136+  0000 ~                rst #20
137+  0000                  endm
138+  0000
139+  0000              ;установить соединение ESP (CIPSTART);
140+  0000              ;вх: a - тип соединения 0-tcp, 1-udp, 2-ssl; 3-прямое соединение с портом; hl - строка адрес, de - строка порт
141+  0000              ;вых: CY=0 - OK; CY=1 - занято другим процессом или нет uart
142+  0000              ;вых: ix - адрес в таблице соединений (ix+2 - флаг открытия =1 - открыто, 255 - ошибка);
143+  0000                  macro OS_ESP_OPEN
144+  0000 ~                ld c,#0d
145+  0000 ~                rst #20
146+  0000                  endm
147+  0000
148+  0000              ;послать запрос ESP (CIPSEND);
149+  0000              ;вх: hl - адрес данных, de - длина данных
150+  0000              ;вых: CY=0 - OK; CY=1 - занято другим процессом или нет uart
151+  0000              ;вых: ix - адрес в таблице соединений (ix+4 - флаг =1 - отправлено, 255 - ошибка)
152+  0000                  macro OS_ESP_SEND
153+  0000 ~                ld c,#0e
154+  0000 ~                rst #20
155+  0000                  endm
156+  0000
157+  0000              ;получить пакет ESP (+IPD);
158+  0000              ;вх: hl - адрес для данных
159+  0000              ;вых: CY=0 - OK; CY=1 - занято другим процессом или нет uart
160+  0000              ;вых: ix - адрес в таблице соединений (ix+6 - флаг =1 - принято, 255 - ошибка)
161+  0000                  macro OS_ESP_GET
162+  0000 ~                ld c,#0f
163+  0000 ~                rst #20
164+  0000                  endm
165+  0000
166+  0000              ;ввод с консоли ----------------------
167+  0000
168+  0000              ;получить код нажатой клавиши
169+  0000                  macro OS_GET_CHAR ;read char from stdin (out: A=char, 255-no char)
170+  0000 ~                ld c,#10
171+  0000 ~                rst #20
172+  0000                  endm
173+  0000
174+  0000
175+  0000              ;процессы ----------------------------
176+  0000
177+  0000              ;запустить процесс
178+  0000              ;вх: hl - имя файла (заканчивается на 0)
179+  0000                  macro OS_PROC_RUN ;
180+  0000 ~                ld c,#11
181+  0000 ~                rst #20
182+  0000                  endm
183+  0000
184+  0000              ;установить фокус
185+  0000              ;вх: a - id процесса
186+  0000                  macro OS_PROC_SET_FOCUS ;
187+  0000 ~                ld c,#12
188+  0000 ~                rst #20
189+  0000                  endm
190+  0000
191+  0000              ;закрыть процесс
192+  0000              ;вх: A - ID процесса. Если A=0, закрыть текущий (себя)
193+  0000              ;останавливается процесс и освобождаются все его страницы памяти, файлы, соединения
194+  0000                  macro OS_PROC_CLOSE ;
195+  0000 ~                ld c,#13
196+  0000 ~                rst #20
197+  0000                  endm
198+  0000
199+  0000
200+  0000              ;прерывания --------------------------
201+  0000
202+  0000              ;установка адреса обработчика прерываний процесса;
203+  0000              ;например, плеера музыки
204+  0000              ;включать прерывания во время работы обработчика нельзя. время работы, по возможности, минимальное
205+  0000              ;на время выполнения включаются обе страницы процесса
206+  0000                  macro OS_SET_INTER ;(HL - address, address = 0 = отключить)
207+  0000 ~                ld c,#14
208+  0000 ~                rst #20
209+  0000                  endm
210+  0000
211+  0000
212+  0000              ;плеер AY ----------------------------
213+  0000
214+  0000              ;инициализация плеера AY;
215+  0000                  macro OS_VTPL_INIT ;(HL - address music)
216+  0000 ~                ld c,#15
217+  0000 ~                rst #20
218+  0000                  endm
219+  0000
220+  0000              ;запустить плеер AY (система будет сама вызывать его каждое прерывание);
221+  0000                  macro OS_VTPL_PLAY ;()
222+  0000 ~                ld c,#16
223+  0000 ~                rst #20
224+  0000                  endm
225+  0000
226+  0000              ;заглушить плеер AY;
227+  0000                  macro OS_VTPL_MUTE ;()
228+  0000 ~                ld c,#17
229+  0000 ~                rst #20
230+  0000                  endm
231+  0000
232+  0000              ;получить значение переменной плеера;
233+  0000                  macro OS_GET_VTPL_SETUP ;(out: HL - setup address)
234+  0000 ~                ld c,#18
235+  0000 ~                rst #20
236+  0000                  endm
237+  0000
238+  0000
239+  0000              ;прочие ------------------------------
240+  0000
241+  0000
242+  0000              ;скопировать данные из страницы в страницу
243+  0000              ;вх: hl - откуда (абсолютный адрес 0-ffff); de - куда; ix - длина; a - страница слот2; b - страница слот3;
244+  0000                  macro OS_RAM_COPY
245+  0000 ~                ld c,#19
246+  0000 ~                rst #20
247+  0000                  endm
248+  0000
249+  0000              ;получить дополнительную страницу памяти;
250+  0000                  macro OS_GET_PAGE ;(out A - number page)
251+  0000 ~                ld c,#1a
252+  0000 ~                rst #20
253+  0000                  endm
254+  0000
255+  0000              ;включить страницу в слот 2 (#8000); предварительно зарезервировать страницу OS_GET_PAGE
256+  0000                  macro OS_SET_PAGE_SLOT2 ;(A - page number)
257+  0000 ~                ld c,#1b
258+  0000 ~                rst #20
259+  0000                  endm
260+  0000
261+  0000              ;включить страницу в слот 3 (#C000); предварительно зарезервировать страницу OS_GET_PAGE
262+  0000                  macro OS_SET_PAGE_SLOT3 ;(A - page number)
263+  0000 ~                ld c,#1c
264+  0000 ~                rst #20
265+  0000                  endm
266+  0000
267+  0000              ;включить экран N;
268+  0000              ;вх: A - номер экрана (5, 7, #39, #3a; 0 = текстовый)
269+  0000              ;переключать может только приложение в фокусе
270+  0000              ;если режим не текстовый, то приложение работает только когда в фокусе. Иначе временно останавливается.
271+  0000              ;при переключении процессов сохраняется только экран #39
272+  0000                  macro OS_SET_SCREEN ;
273+  0000 ~                ld c,#1d
274+  0000 ~                rst #20
275+  0000                  endm
276+  0000
277+  0000
278+  0000              ;получить номера страниц процесса;
279+  0000              ;вх:
280+  0000              ;вых: b, c - страницы в слотах 2, 3
281+  0000                  macro OS_GET_MAIN_PAGES ;
282+  0000 ~                ld c,#1e
283+  0000 ~                rst #20
284+  0000                  endm
285+  0000
286+  0000              ;получить значение системного таймера
287+  0000                  macro OS_GET_TIMER ;(out: HL, DE - timer)
288+  0000 ~                ld c,#1F
289+  0000 ~                rst #20
290+  0000                  endm
291+  0000
292+  0000
293+  0000              ;освободить страницу памяти
294+  0000              ;вх: a - номер страницы
295+  0000                  macro OS_DEL_PAGE ;
296+  0000 ~                ld c,#20
297+  0000 ~                rst #20
298+  0000                  endm
299+  0000
300+  0000
301+  0000              ;дисковые операции -------------------
302+  0000
303+  0000              ; менять напрямую что-то в таблице fcb из приложения не рекомендуется, только для чтения
304+  0000
305+  0000              ; fcbFAT (из руководства к монитору)
306+  0000              ; формат fcb для работы с FAT
307+  0000
308+  0000              ; +#00 8 имя файла
309+  0000              ; +#08 3 расширение файла
310+  0000              ; +#0B 1 атрибуты файла
311+  0000              ; +#0C 4 номер первого кластера файла/каталога
312+  0000              ; +#10 4 номер первого кластера каталога с этим файлом/каталогом
313+  0000              ; +#14 4 размер файла/каталога в байтах
314+  0000              ; +#18 4 указатель в файле
315+  0000              ; +#1C 1 для внутренних нужд
316+  0000              ; +#1D 1 для внутренних нужд
317+  0000              ; +#1E 1 резерв
318+  0000              ; +#1F 1 номер винчестера и раздела на нем
319+  0000              	; 1-0,nn номер раздела
320+  0000              	; 3-2,=00/01/10 HDD master/HDD slave/SD
321+  0000              	    ; значение %11 недопустимо
322+  0000
323+  0000              ;открыть файл для чтения или записи
324+  0000                  macro OS_FILE_OPEN ;HL - File name (out: A - id file, de hl - size, IX - fcb)
325+  0000 ~                ld c,#21
326+  0000 ~                rst #20
327+  0000                  endm
328+  0000
329+  0000              ;создать файл
330+  0000                  macro OS_FILE_CREATE ;HL - File name  (out: A - id file, IX - fcb)
331+  0000 ~                ld c,#22
332+  0000 ~                rst #20
333+  0000                  endm
334+  0000
335+  0000              ;прочитать из файла
336+  0000                  macro OS_FILE_READ ;HL - address, A - id file, DE - length (out: hl - следующий адрес для чтения)
337+  0000 ~                ld c,#23
338+  0000 ~                rst #20
339+  0000                  endm
340+  0000
341+  0000              ;записать в файл
342+  0000                  macro OS_FILE_WRITE ;HL - address, A - id file, DE - length (out: hl - следующий адрес для чтения)
343+  0000 ~                ld c,#24
344+  0000 ~                rst #20
345+  0000                  endm
346+  0000
347+  0000              ;закрыть файл
348+  0000                  macro OS_FILE_CLOSE ;A - id file
349+  0000 ~                ld c,#25
350+  0000 ~                rst #20
351+  0000                  endm
352+  0000
353+  0000              ;чтение секторов текущего каталога
354+  0000              ; вх:
355+  0000                   ; hl - буфер для чтения
356+  0000                   ; de - относительный номер первого сектора каталога для чтения [0..nn]
357+  0000                   ; b - максимальное количество секторов для чтения
358+  0000              ; вых: cy=1, если были ошибки, код ошибки возвращается в аккумуляторе
359+  0000                     ; a=errRWnum
360+  0000                     ; a=errInvalidPart
361+  0000                     ; a=errFileEmpty
362+  0000                   ; cy=0, a=errEoF - каталог закончился
363+  0000                     ; hl - следующий адрес в буфере
364+  0000                     ; de - номер первого непрочитанного сектора
365+  0000                     ; b - не прочитано секторов
366+  0000                   ; cy=0 - считано успешно
367+  0000                     ; hl - следующий адрес в буфере
368+  0000                     ; de - номер первого непрочитанного сектора
369+  0000                     ; b=#00
370+  0000                  macro OS_DIR_READ ;
371+  0000 ~                ld c,#26
372+  0000 ~                rst #20
373+  0000                  endm
374+  0000
375+  0000              ;вход в каталог/выход в родительский каталог
376+  0000              	; Если путь не указан производится только настройка переменных драйвера,
377+  0000              	; при этом если передан дескриптор файла, текущий каталог не изменится)
378+  0000              	; Если пусть указан, в конец пути добавится название каталога (если это
379+  0000              	; переход в родительский, последнее имя в пути удалится).
380+  0000              	; Если передан дескриптор файла, текущий каталог не изменится, к пути
381+  0000              	; добавится имя файла
382+  0000              ; вх:
383+  0000                   ; hl - адрес пути (=#0000 - путь отсутствует)
384+  0000                   ; de - адрес дескриптора директории/файла
385+  0000              ; вых: a - если путь был указан, новая длина пути
386+  0000                  macro OS_DIR_OPEN ;
387+  0000 ~                ld c,#27
388+  0000 ~                rst #20
389+  0000                  endm
390+  0000
391+  0000              ;установка/чтение указателя в файле (Переменная +#18-#1b fcb)
392+  0000              ;проверки на допустимость значений не производится
393+  0000              ;вх: CY = 1 - установка; CY = 0 - чтение
394+  0000              ;вх: A - id файла
395+  0000              ;вх: de, hl - значения старшие быйты, младшие
396+  0000              ;вых: de, hl - значения старшие быйты, младшие
397+  0000                  macro OS_FILE_POSITION ;
398+  0000 ~                ld c,#28
399+  0000 ~                rst #20
400+  0000                  endm
401+  0000
402+  0000              ; поиск файла или каталога по заданному пути, начиная от корневого, со входом в подкаталоги
403+  0000              ;вх: hl - путь к файлу в формате ASCIZ (не более 250 байт, заканчивается нулем)
404+  0000              	 ;формат пути: \[DIR\DIR\..\DIR\]filename.ext	(можно без имени файла, только каталоги)
405+  0000              ;вх: a=#00/#FF - без установки каталога/с установкой найденного каталога текущим
406+  0000                  macro OS_FIND_PATH ;
407+  0000 ~                ld c,#29
408+  0000 ~                rst #20
409+  0000                  endm
410+  0000
411+  0000
412+  0000              ; получение длинного имени файла
413+  0000              ;вх: hl - адрес буфера для имени
414+  0000              ;    de - номер записи в текущем каталоге
415+  0000              ;вых: hl - в буфере имя в формате ASCIZ (если длинное имя отсутсвует, то возвращается короткое имя)
416+  0000              ; 	a - длина имени, с учетом нуля
417+  0000                  macro OS_GET_LFN ;
418+  0000 ~                ld c,#2a
419+  0000 ~                rst #20
420+  0000                  endm
421+  0000
# file closed: ../os_defs.asm
  4   0000              	org PROG_START
  5   8000
  6   8000              start_terminal
  7   8000              	; ld a,13 ;новая строка
  8   8000              	; OS_PRINT_CHARF
  9   8000 21 62 80     	ld hl,msg_title_terminal ;имя приложения
 10   8003              	OS_PRINTZ ;печать
 10   8003 0E 09       >    ld c,#09
 10   8005 E7          >    rst #20
 11   8006
 12   8006
 13   8006 21 51 80     	ld hl,msg_open_port ;открываем порт
 14   8009              	OS_PRINTZ ;печать
 14   8009 0E 09       >    ld c,#09
 14   800B E7          >    rst #20
 15   800C              terminal_open
 16   800C              	OS_WAIT
 16   800C DF          >	rst #18
 17   800D 3E 03        	ld a,3 ;прямое соединение с портом
 18   800F              	OS_ESP_OPEN
 18   800F 0E 0D       >    ld c,#0d
 18   8011 E7          >    rst #20
 19   8012 38 F8        	jr c,terminal_open
 20   8014 21 5E 80     	ld hl,msg_ready ;
 21   8017              	OS_PRINTZ ;печать
 21   8017 0E 09       >    ld c,#09
 21   8019 E7          >    rst #20
 22   801A              	;основной цикл
 23   801A              terminal_wait
 24   801A              	OS_WAIT
 24   801A DF          >	rst #18
 25   801B              terminal_wait1
 26   801B              	OS_UART_READ ;прочитать байт из порта
 26   801B 0E 0A       >    ld c,#0a
 26   801D E7          >    rst #20
 27   801E 38 03        	jr c,terminal_wait_no_input
 28   8020              	OS_PRINT_CHARF ;напечатать если есть что
 28   8020 D7          >	rst #10
 29   8021 18 F8        	jr terminal_wait1 ;и проверить есть ли ещё
 30   8023              terminal_wait_no_input
 31   8023              	OS_GET_CHAR ;получить клавишу из консоли
 31   8023 0E 10       >    ld c,#10
 31   8025 E7          >    rst #20
 32   8026 FE FF        	cp 255
 33   8028 28 14        	jr z,terminal_wait_no_output
 34   802A FE 18        	cp 24 ;break
 35   802C CA 4D 80     	jp z,terminal_exit
 36   802F FE 0D        	cp 13 ;enter
 37   8031 CA 40 80     	jp z,terminal_enter
 38   8034 FE 20        	cp " " ;не печатное
 39   8036 38 06        	jr c,terminal_wait_no_output
 40   8038 F5           	push af
 41   8039              	OS_PRINT_CHARF ;напечатать если есть что
 41   8039 D7          >	rst #10
 42   803A F1           	pop af
 43   803B              	OS_UART_WRITE ;отправить в порт
 43   803B 0E 0B       >    ld c,#0b
 43   803D E7          >    rst #20
 44   803E              	;здесь может быть обработка ошибки
 45   803E              	;jr c.
 46   803E              terminal_wait_no_output
 47   803E 18 DA        	jr terminal_wait ;цикл
 48   8040
 49   8040
 50   8040              terminal_enter
 51   8040 F5           	push af
 52   8041              	OS_PRINT_CHARF
 52   8041 D7          >	rst #10
 53   8042 F1           	pop af
 54   8043              	OS_UART_WRITE
 54   8043 0E 0B       >    ld c,#0b
 54   8045 E7          >    rst #20
 55   8046 3E 0A        	ld a,10 ;для ESP надо добавить после 13
 56   8048              	OS_UART_WRITE
 56   8048 0E 0B       >    ld c,#0b
 56   804A E7          >    rst #20
 57   804B 18 CD        	jr terminal_wait ;цикл
 58   804D
 59   804D              terminal_exit ;выход в DOS
 60   804D AF           	xor a
 61   804E              	OS_PROC_CLOSE
 61   804E 0E 13       >    ld c,#13
 61   8050 E7          >    rst #20
 62   8051              ;
 63   8051
 64   8051
 65   8051              msg_open_port
 66   8051 4F 70 65 6E  	db "Open port...",0
 66   8055 20 70 6F 72
 66   8059 74 2E 2E 2E
 66   805D 00
 67   805E
 68   805E
 69   805E              msg_ready
 70   805E 4F 4B 0D 00  	db "OK",13,0
 71   8062
 72   8062              msg_title_terminal
 73   8062 54 65 72 6D  	db "Terminal ver 2025.02.12",13,0
 73   8066 69 6E 61 6C
 73   806A 20 76 65 72
 73   806E 20 32 30 32
 73   8072 35 2E 30 32
 73   8076 2E 31 32 0D
 73   807A 00
 74   807B
 75   807B
 76   807B              end_terminal
 77   807B              	savebin "terminal.apg",start_terminal,$-start_terminal
# file closed: terminal.asm
